[2026-03-30 20:58:17] [train batch start] cell=without_comm_reduced_history condition=cond2 history_mode=reduced max_parallel=6
[2026-03-30 20:58:17] [launch] cell=without_comm_reduced_history seed=101 pid=85896
[2026-03-30 20:58:17] [seed start] cell=without_comm_reduced_history seed=101 log=<REMOTE_PROJECT_ROOT>/outputs/train/phase3_vecstraight_comm_history_factorial_without_comm_reduced_history_15seeds_remote_20260330par24/train/logs/cond2_seed101.log
[2026-03-30 20:58:17] [seed start] cell=without_comm_reduced_history seed=202 log=<REMOTE_PROJECT_ROOT>/outputs/train/phase3_vecstraight_comm_history_factorial_without_comm_reduced_history_15seeds_remote_20260330par24/train/logs/cond2_seed202.log
[2026-03-30 20:58:17] [launch] cell=without_comm_reduced_history seed=202 pid=85928
[2026-03-30 20:58:17] [launch] cell=without_comm_reduced_history seed=303 pid=85961
[2026-03-30 20:58:17] [seed start] cell=without_comm_reduced_history seed=303 log=<REMOTE_PROJECT_ROOT>/outputs/train/phase3_vecstraight_comm_history_factorial_without_comm_reduced_history_15seeds_remote_20260330par24/train/logs/cond2_seed303.log
[2026-03-30 20:58:17] [launch] cell=without_comm_reduced_history seed=404 pid=85991
[2026-03-30 20:58:17] [seed start] cell=without_comm_reduced_history seed=404 log=<REMOTE_PROJECT_ROOT>/outputs/train/phase3_vecstraight_comm_history_factorial_without_comm_reduced_history_15seeds_remote_20260330par24/train/logs/cond2_seed404.log
[2026-03-30 20:58:17] [seed start] cell=without_comm_reduced_history seed=505 log=<REMOTE_PROJECT_ROOT>/outputs/train/phase3_vecstraight_comm_history_factorial_without_comm_reduced_history_15seeds_remote_20260330par24/train/logs/cond2_seed505.log
[2026-03-30 20:58:17] [launch] cell=without_comm_reduced_history seed=505 pid=86020
[2026-03-30 20:58:17] [seed start] cell=without_comm_reduced_history seed=606 log=<REMOTE_PROJECT_ROOT>/outputs/train/phase3_vecstraight_comm_history_factorial_without_comm_reduced_history_15seeds_remote_20260330par24/train/logs/cond2_seed606.log
[2026-03-30 20:58:17] [launch] cell=without_comm_reduced_history seed=606 pid=86038
[2026-03-31 04:35:42] [seed done] cell=without_comm_reduced_history seed=606
[2026-03-31 04:35:47] [launch] cell=without_comm_reduced_history seed=707 pid=111138
[2026-03-31 04:35:47] [seed start] cell=without_comm_reduced_history seed=707 log=<REMOTE_PROJECT_ROOT>/outputs/train/phase3_vecstraight_comm_history_factorial_without_comm_reduced_history_15seeds_remote_20260330par24/train/logs/cond2_seed707.log
[2026-03-31 04:37:01] [seed done] cell=without_comm_reduced_history seed=404
[2026-03-31 04:37:02] [seed start] cell=without_comm_reduced_history seed=808 log=<REMOTE_PROJECT_ROOT>/outputs/train/phase3_vecstraight_comm_history_factorial_without_comm_reduced_history_15seeds_remote_20260330par24/train/logs/cond2_seed808.log
[2026-03-31 04:37:02] [launch] cell=without_comm_reduced_history seed=808 pid=111228
[2026-03-31 04:37:14] [seed done] cell=without_comm_reduced_history seed=505
[2026-03-31 04:37:17] [seed start] cell=without_comm_reduced_history seed=909 log=<REMOTE_PROJECT_ROOT>/outputs/train/phase3_vecstraight_comm_history_factorial_without_comm_reduced_history_15seeds_remote_20260330par24/train/logs/cond2_seed909.log
[2026-03-31 04:37:17] [launch] cell=without_comm_reduced_history seed=909 pid=111261
[2026-03-31 04:37:31] [seed done] cell=without_comm_reduced_history seed=303
[2026-03-31 04:37:32] [seed start] cell=without_comm_reduced_history seed=1111 log=<REMOTE_PROJECT_ROOT>/outputs/train/phase3_vecstraight_comm_history_factorial_without_comm_reduced_history_15seeds_remote_20260330par24/train/logs/cond2_seed1111.log
[2026-03-31 04:37:32] [launch] cell=without_comm_reduced_history seed=1111 pid=111296
[2026-03-31 04:37:53] [seed done] cell=without_comm_reduced_history seed=202
[2026-03-31 04:37:57] [launch] cell=without_comm_reduced_history seed=1212 pid=111337
[2026-03-31 04:37:57] [seed start] cell=without_comm_reduced_history seed=1212 log=<REMOTE_PROJECT_ROOT>/outputs/train/phase3_vecstraight_comm_history_factorial_without_comm_reduced_history_15seeds_remote_20260330par24/train/logs/cond2_seed1212.log
[2026-03-31 04:43:12] [seed done] cell=without_comm_reduced_history seed=101
[2026-03-31 04:43:17] [seed start] cell=without_comm_reduced_history seed=1313 log=<REMOTE_PROJECT_ROOT>/outputs/train/phase3_vecstraight_comm_history_factorial_without_comm_reduced_history_15seeds_remote_20260330par24/train/logs/cond2_seed1313.log
[2026-03-31 04:43:17] [launch] cell=without_comm_reduced_history seed=1313 pid=111698
[2026-03-31 12:16:55] [seed done] cell=without_comm_reduced_history seed=909
[2026-03-31 12:16:56] [seed start] cell=without_comm_reduced_history seed=1414 log=<REMOTE_PROJECT_ROOT>/outputs/train/phase3_vecstraight_comm_history_factorial_without_comm_reduced_history_15seeds_remote_20260330par24/train/logs/cond2_seed1414.log
[2026-03-31 12:16:56] [launch] cell=without_comm_reduced_history seed=1414 pid=138776
[2026-03-31 12:19:29] [seed done] cell=without_comm_reduced_history seed=1111
[2026-03-31 12:19:32] [launch] cell=without_comm_reduced_history seed=1515 pid=138911
[2026-03-31 12:19:32] [seed start] cell=without_comm_reduced_history seed=1515 log=<REMOTE_PROJECT_ROOT>/outputs/train/phase3_vecstraight_comm_history_factorial_without_comm_reduced_history_15seeds_remote_20260330par24/train/logs/cond2_seed1515.log
[2026-03-31 12:19:34] [seed done] cell=without_comm_reduced_history seed=707
[2026-03-31 12:19:37] [seed start] cell=without_comm_reduced_history seed=1616 log=<REMOTE_PROJECT_ROOT>/outputs/train/phase3_vecstraight_comm_history_factorial_without_comm_reduced_history_15seeds_remote_20260330par24/train/logs/cond2_seed1616.log
[2026-03-31 12:19:37] [launch] cell=without_comm_reduced_history seed=1616 pid=138938
[2026-03-31 12:22:14] [seed done] cell=without_comm_reduced_history seed=808
[2026-03-31 12:24:00] [seed done] cell=without_comm_reduced_history seed=1212
[2026-03-31 12:28:16] [seed done] cell=without_comm_reduced_history seed=1313
[2026-03-31 18:38:53] [seed done] cell=without_comm_reduced_history seed=1616
[2026-03-31 18:39:52] [seed done] cell=without_comm_reduced_history seed=1414
[2026-03-31 18:42:12] [seed done] cell=without_comm_reduced_history seed=1515
[2026-03-31 18:42:12] [train batch done] cell=without_comm_reduced_history status=ok
